OlgaardLoggEtAl2008 OlgaardLoggWells2008
oelgaard:2010 OlgaardWells2010
vCertik2009 vCertikothers2009
SolinSegethEtAl2004 vSolinSegethDolevzel2004
AdamGourdinEtAl1980 AdamGourdinNedelecEtAl1980
aho_ullman:1986 AhoSethiUllman1986
AinsworthDemkowiczEtAl2007 AinsworthDemkowiczKim2007
peiro AlastrueyParkerPeiroEtAl2007
AlbertsBrayEtAl2002 AlbertsBrayLewisEtAl2002
AlnaesLoggEtAl2009b AlnaesLoggMardalEtAl2009
AlnaesLoggEtAl2008 AlnaesLoggMardalEtAl2008
AlnaesMardal2009c AlnaesMardal2009
UFL Alnaes2009
AlnaesLoggEtAl2009 AlnaesLoggMardalEtAl2009a
AlnaesMardalEtAl2007 AlnaesMardalSundnes2007
Alperin2006 AlperinMazdaLichtorEtAl2006
ArbogastDawsonEtAl1998 ArbogastDawsonKeenanEtAl1998
ArgeBruasetEtAl1997a ArgeBruasetCalvinEtAl1997
ArgyrisFriedEtAl1968 ArgyrisFriedScharpf1968
ArnoldFalkEtAl2006 ArnoldFalkWinther2006
Arnold2008 ArnoldAwanouWinther2008
ArnoldBrezziEtAl1984 ArnoldBrezziDouglas1984
a-f-w-weak ArnoldFalkWinther2007
ArnoldFalkEtAl2007 ArnoldFalkWinther2007a
acta ArnoldFalkWinther2006a
Arnold2006 ArnoldFalkWinther2006b
ArnoldFalkEtAl2006a ArnoldFalkWinther2006c
ArnoldFalkWinther2006 ArnoldFalkWinther2006d
A-F-W-00 ArnoldFalkWinther2000
A-F-W-98 ArnoldFalkWinther1998
A-F-W-97 ArnoldFalkWinther1997
A-F-W-97Hdiv ArnoldFalkWinther1997a
AsanovicBodikEtAl2006 AsanovicBodikCatanzaroEtAl2006
Author2006 AuthorAuthor2006
AvrahamiRosenfeldEtAl2006 AvrahamiRosenfeldRazEtAl2006
Axe86 AxelssonLindskog1986
Axe86b AxelssonLindskog1986a
a-n AxelssonNeytcheva2003
Babuska71 Babuvska1971
Babuvska1971 Babuvska1971a
Babuska72 BabuvskaAziz1972
Babuska1973 Babuvska1972/73
BabuvskaStrouboulisEtAl1995 BabuvskaStrouboulisUpadhyayEtAl1995
BalayBuschelmanEtAl2004 BalayBuschelmanEijkhoutEtAl2004
BalayBuschelmanEtAl2001 BalayBuschelmanGroppEtAl2001
BalayGroppEtAl1997 BalayGroppMcInnesEtAl1997
BangerthHartmannEtAl2007 BangerthHartmannKanschat2007
BauerFrinkEtAl2000 BauerFrinkKreckel2000
yuri2 BazilevsHsuZhangEtAl2010
SWIG Beazleyothers2009
BeckerCareyEtAl1981 BeckerCareyOden1981
BeckerBurmanEtAl2008 BeckerBurmanHansbo2008
BeckerHansboEtAl2003 BeckerHansboLarson2003
BeckerHansboEtAl2003a BeckerHansboStenberg2003
pyamg BellOlsonSchroder2009
belytschko:1999 BellinSalandinRinaldo1992
OseenAL BenhamCrawfordArmstrong1996
B-G-L-05 BenziGolubLiesen2005
Benzi-acta BenziGolubLiesen2005a
Benzi07 BenziLiu2007
bow09 BenziOlshanskiiWang
b-l BerghLofstrom1976
BinghamMadsenEtAl2008 BinghamMadsenFuhrman2008
BischofCarleEtAl1992 BischofCarleCorlissEtAl1992
BischofHovlandEtAl2002 BischofHovlandNorris2002
semtex Blackburn2009
BlackfordDemmelEtAl2002 BlackfordDemmelDongarraEtAl2002
BluesteinLiEtAl2002 BluesteinLiKrukenkamp2002
BoffiBrezziGastaldi1999 BoffiBrezziGastaldi2000
B-K-K-03 Borz`iKunischKwak2003
Bos1998 Bossavit1998
boussel BousselRayzMcCullochEtAl2008
JHBramble_1993a Bramble1993
B-P-97 BramblePasciak1997
BP88 BramblePasciak1988
b-p-v BramblePasciakVassilevski2000
brezzi-douglas BrezziDouglas1988
Brezzi Brezzi1974
Brezzi1974 Brezzi1974a
BrezziDouglasEtAl1987 BrezziDouglasFortinEtAl1987
BrezziDouglasEtAl1985 BrezziDouglasMarini1985
BrezziDouglasEtAl1985a BrezziDouglasMarini1985a
BrezziFortin BrezziFortin1991
BrezziFortin1991 BrezziFortin1991a
WLBriggs_2000a BriggsHensonMcCormick2000
BrochetYangEtAl2005 BrochetYangMaioEtAl2005
BruasetCaiEtAl1997 BruasetCaiLangtangenEtAl1997
BruasetLangtangenEtAl2006 BruasetLangtangenothers2006
BruasetLangtangenEtAl1997 BruasetLangtangenZumbusch1997
BurmanFern'andez2009 BurmanFernandez2009
BurmanFern'andez2007 BurmanFernandez2007
ButtariDongarraEtAl2007 ButtariDongarraKurzakEtAl2007
ransau CO1951
C-C-88 CahouetChabard1988
CaiAcklamEtAl2003 CaiAcklamLangtangenEtAl2003
CaiLangtangenEtAl2005 CaiLangtangenMoe2005
Cai2 Cai1994
Cai1 Cai1991
Cai-G-P CaiGoldsteinPasciak1993
Canuto07 CanutoHussainiQuarteroniEtAl2007
Canuto88 CanutoHussainiQuarteroniEtAl1988
CaoHuangEtAl2001 CaoHuangRussell2001
casson Casson1959
CastilloKoningEtAl2004 CastilloKoningRiebenEtAl2004
CastilloRiebenEtAl2005 CastilloRiebenWhite2005
cebral CebralCastroBurgessEtAl2005
Certik2009 CertikSeoanePetersonEtAl2009
ChaiGaoEtAl2007 ChaiGaoPanda2007
ChapmanJostEtAl2007 ChapmanJostPas2007
ChazelBenoitEtAl2009 ChazelBenoitErnEtAl2009
chien Chien2007
chorin Chorin1968
ChristieGriffithsEtAl1976 ChristieGriffithsMitchellEtAl1976
transient_dc2 ChudanovPopkovChurbanovEtAl2007
CompereHoffmanEtAl2009 Comp`ereRemacleJanssonEtAl2009
CormenLeisersonEtAl2001 CormenLeisersonRivestEtAl2001
DYakonov DYakonov1961
Dauge Dauge1989
Dav2005 Davidson2005
davies DAVIESREMUZZIGORDONEtAl1986
DavA©DubinskiEtAl1997 DavA©DubinskiHernquist1997
DelfourHagerEtAl1981 DelfourHagerTrochu1981
DiasDyachenkoEtAl2008 DiasDyachenkoZakharov2008
DinizGerbeauEtAl2008 DinizGerbeauBourgat2008
DoneaGiulianiEtAl1982 DoneaGiulianiHalleux1982
DoneaHuertaEtAl2004 DoneaHuertaPonthotEtAl2004
DupontHoffmanEtAl2003 DupontHoffmanJohnsonEtAl2003
eden EdenMeurerSanchezEtAl2008
E-02 Elman2002
E-S-W-text ElmanSilvesterWathen2005
E-S-W-02 ElmanSilvesterWathen2002
Engsig-KarupHesthavenEtAl2006 Engsig-KarupHesthavenBinghamEtAl2006
Enzmann1991 EnzmannPelc1991
ErikssonEstepEtAl1996 ErikssonEstepHansboEtAl1996
ErikssonEstepEtAl1995 ErikssonEstepHansboEtAl1995
ErikssonEstepEtAl2003 ErikssonEstepJohnson2003
ErikssonJohnsonIII ErikssonJohnson
ErikssonJohnson1995c ErikssonJohnson1995b
ErikssonJohnsonEtAl1998 ErikssonJohnsonLarsson1998
ErikssonJohnsonEtAl2004 ErikssonJohnsonLogg2004
ErikssonJohnsonEtAl2004a ErikssonJohnsonLogg2004a
ErikssonJohnsonEtAl2003 ErikssonJohnsonLogg2003
ErikssonJohnsonEtAl2003a ErikssonJohnsonLogg2003a
ErikssonJohnsonEtAl1985 ErikssonJohnsonThomA©e1985
EstepLarsonEtAl2000 EstepLarsonWilliams2000
steinmann EthierSteinmann1994
EvansAJ EvansIwaiGristEtAl1993
Pyrex Ewing2009
Cython EwingBradshawBehnelEtAl2009
falk-survey Falk2008
feigin Feigin2005
FerRaf2002 FernandesRaffetto2002
FickZeeEtAl2008 FickZeeBrummelen2008
fisher:091004 FisherRossmann2009
FlahertyLoyEtAl1997 FlahertyLoyShephardEtAl1997
ford FordAlperinLeeEtAl2005
ForthTadjouddineEtAl2004 ForthTadjouddinePryceEtAl2004
FrancaStenberg FrancaStenberg1991
Franzini-ArmstrongProtasiEtAl1999 Franzini-ArmstrongProtasiRamesh1999
fry FRY1968
fung Fung1984
GammaHelmEtAl1995 GammaHelmJohnsonEtAl1995
GammaHelmEtAl1994 GammaHelmJohnsonEtAl1994
GaraBlumrichEtAl2005 GaraBlumrichChenEtAl2005
ml-guide GeeSiefertHuEtAl2006
german GermanBlack1965
gmsh GeuzaineRemacle
Girault1986 GiraultRaviart1986
Goda197976 Goda1979
GL GolubLoan1989
Greitz1999 GreitzEricsonFlodmark1999
GroppLuskEtAl1999 GroppLuskSkjellum1999
guemin GuermondMinevShen2006
gueshe GuermondShen2003
GuiaSternEtAl2001 GuiaSternLakattaEtAl2001
Gunn Gunn1965
Gupta2009 GuptaSoellingerBoesigerEtAl2009
GustafssonLundhEtAl1988 GustafssonLundhSoderlind1988
Hackbusch Hackbusch1994
HansboHansboEtAl2003 HansboHansboLarson2003
HansboHansboEtAl2003a HansboHansboLarson2003a
HansboHermanssonEtAl2004 HansboHermanssonSvedberg2004
www:sha1 HansenWollman
harten Harten1977
hartkamp HartkampGrond2000
HaugWinther HaugWinther1999
Haughton2003 HaughtonKorosecMedowEtAl2003
HechtPironneauEtAl2005 HechtPironneauHyaricEtAl2005
Heiss1999 HeissPatronasDeVroomEtAl1999
slepc_users_manual HernandezRomanRomeroEtAl2009
HernandezRomanEtAl2005 HernandezRomanVidal2005
HerouxBartlettEtAl2005 HerouxBartlettHowleEtAl2005
HerouxBartlettEtAl2003 HerouxBartlettHoekstraEtAl2003
HS HestenesStiefel1952a
particlelsm HieberKoumoutsakos2005
HinsenLangtangenEtAl2006 HinsenLangtangenSkavhaugEtAl2006
op-prec Hiptmair2006
Hip99 Hiptmair1999
Hip97 Hiptmair1997
Hip-Xu HiptmairXu2007
Hoffman2006b Hoffman2006a
Hoffman2006c Hoffman2006b
HoffmanJanssonEtAl2007 HoffmanJanssonLoggEtAl2007
HoffmanJanssonEtAl HoffmanJanssonLoggEtAl
HoffmanJanssonEtAl2009 HoffmanJanssonStockli2009
HoffmanJohnson2008a HoffmanJohnson2008
HoffmanJohnson2008b HoffmanJohnson2008a
HoffmanJohnson2006b HoffmanJohnson2006a
HoffmanJohnsonEtAl2004 HoffmanJohnsonLogg2004
HoffmanJohnsonEtAl2004b HoffmanJohnsonLogg2004a
Hofmann2000 HofmannWarmuth-MetzBendszusEtAl2000
maxwell-amg HuTuminaroBochevEtAl2006
h-t-w HuTaiWinther2009
HuaIto1988 HuangItoh1988
hughes-franca HughesFranca1987
hughes-franca-balestra HughesFrancaBalestra1986
HughesFrancaEtAl1986 HughesFrancaBalestra1986a
HughesLevitEtAl1983 HughesLevitWinget1983
HughesLevitEtAl1983a HughesLevitWinget1983a
humphrey Humphrey2001
WilbersLangtangenEtAl2009 IIIBehieTrangenstein1988
incropera IncroperaDeWitt1996
tor IngebrigtsenMorganFaulderEtAl2004
isaksen IsaksenBazilevsKvamsdalEtAl2008
kvs IsaksenValen-SendstadMardalEtAl2008
JafriRiceEtAl1998 JafriRiceWinslow1998
JanssonJohnsonEtAl2005 JanssonJohnsonLogg2005
JanssonJohnsonEtAl2004 JanssonJohnsonLogg2004
doggy JiangJohnsonValen-SendstadEtAl2010
doggy2 JiangJohnsonValen-SendstadEtAl2010a
JohnsonHoffman JohnsonHoffman2007
JohnsonHoffmanEtAl2001 JohnsonHoffmanLogg2001
Weave Jones2009
SciPy JonesOliphantPetersonEtAl2009
jones1972 JonesLaunder1972
JonesLaunder1972 JonesLaunder1972a
karniadakis:2005 KarniadakisSherwin2005
K-L-W-02 KayLoghinWathen2002
kim85 KimMoin1985
sangho Kim2002
bejan KimuraBejan1983
www:ferari Kirbya
KirbyKnepleyEtAl2005 KirbyKnepleyLoggEtAl2005
KirbyKnepleyEtAl2005a KirbyKnepleyLoggEtAl2005a
KirbyKnepleyEtAl2004 KirbyKnepleyScott2004
KirbyLoggEtAl2006 KirbyLoggScottEtAl2006
KirbyLoggEtAl2006a KirbyLoggScottEtAl2006a
KirbyLoggEtAl2005 KirbyLoggScottEtAl2005
KirbyStroutEtAl2005 KirbyStroutHovlandEtAl2005
Klawonn98 Klawonn1998
KS99 KlawonnStarke1999
gstokes KobelkovOlshanskii2000
KohSrinivasanEtAl2006 KohSrinivasanChingEtAl2006
Kongable KongableLanzinoGermansonEtAl1996
krejza KrejzaSzydlikLiebeskindEtAl2005
LopezNigroEtAl2008 LopezNigroStorti2008
LangnerCafisoEtAl1990 LangnerCafisoMarceljaEtAl1990
langtangen Langtangen2010
Langtangen2006 Langtangen2009
Langtangen2009b Langtangen2009a
Langtangen2006:2 Langtangen2006
SC.4.Langtangen.2002.b LangtangenMardalWinther2002
LarssonHansboEtAl2002 LarssonHansboRunesson2002
launder1974 LaunderSharma1974
LeeSun1991 LeeSunCendes1991
LewMarsdenEtAl2003 LewMarsdenOrtizEtAl2003
kvs-sex LindekleivValen-SendstadMorganEtAl2010
LindermanCollinsEtAl2008 LindermanCollinsWangEtAl2008
Logg2008b Logg2008a
Logg2007b Logg2007
Logg2008a Logg2008b
Logg2007 Logg2007a
Logg2007a Logg2007b
Logg2006c Logg2006b
Logg2004e Logg2004c
Logg2004f Logg2004d
Logg2001b Logg2001a
Logg2001c Logg2001b
Logg1998d Logg1998c
Logg1998e Logg1998d
LoggLangtangenEtAl2009 LoggLangtangenCai2009
Logg2009a LoggMardal2009
LoggMardalEtAl2007a LoggMardalAlnaesEtAl2007
LoggMardalEtAl2007 LoggMardalAlnaesEtAl2007a
LoggMardalEtAl2007b LoggMardalAlnaesEtAl2007b
DOLFIN LoggWellsetEtAl2009
LoggWells2009 LoggWells2010
LoggWellsEtAl2009 LoggWellsothers2009
LW04 LoghinWathen2004
Longstreth LongstrethNelsonKoepsellEtAl1994
Loth2001 Lopes2007
JoachimLotz LotzMeierLeppertEtAl2002
Formaggia LucaMVenezianiEtAl2009
LearningPython Lutz2007
LutzPython2006 Lutz2006
L-N-W-02 LycheNilssenWinther2002
MadsenBinghamEtAl2003 MadsenBinghamSchaffer2003
Malik1984 MalikZangHussaini1984
SFC MardalAlnaes2009
SyFi MardalAlnaes2009a
MardalTaiEtAl2002 MardalTaiWinther2002
Oddrun MardalHentchelMyklebustEtAl2010
Mardal.2006.4 MardalNielsenCaiEtAl2007
Mardal.2006.5 MardalNilssenStaff2007
mixed:dpII:block MardalSundnesLangtangen2003
M-T-W-02 MardalTaiWinther2002a
Mardal2002 MardalTaiWinther2002b
M-W-09 MardalWinther
errata MardalWinther2006
M-W-04 MardalWinther2004
MardalZumbuschEtAl2003 MardalZumbuschLangtangen2003
PyNutshell Martelli2006
PythonCookbook MartelliAscher2005
MarPel2003 MartiniPelosiSelleri2003
MastersUsmaniEtAl1997 MastersUsmaniCrossEtAl1997
M-S-S-07 MathewSarkisSchaerer2007
McLaughlinSzaboEtAl1971 McLaughlinSzaboEisenman1971
MetcalfReidEtAl2004 MetcalfReidCohen2004
Mhurchu MhurchuAndersonJamrozikEtAl2001
Milhorat2003 MilhoratBolognese2003
Milhorat1999 MilhoratChouTrinidadEtAl1999
moes:1999 MoesDolbowBelytschko1999
moin MoinMahesh1998
MoreiraAlmA¡siEtAl2005 MoreiraAlmA¡siArcherEtAl2005
folder MortensenMardal2010
murray MurrayLopez1997
NarayananGarikipatiEtAl2008 NarayananGarikipatiLogg2008
NayrolesTouzotEtAl1992 NayrolesTouzotVillon1992
necas Nevcas1965
Simula.SC.105 NielsenMardal
nikbakht:2009 NikbakhtWells2009
NilsenCaiEtAl2008 NilsenCaiHoylandEtAl2008
Nord'enLofEtAl2007 NordenLofRantakokkoEtAl2007
Nedelec:1986:NFM Nedelec1986a
Nedelec:1980:MFE Nedelec1980a
OelgaardLoggEtAl2008a OelgaardLoggWells2008
OelgaardLoggEtAl2008 OelgaardLoggWells2008a
OelgaardWellsEtAl2008 OelgaardWellsLogg2008
Oldfield1994 OldfieldMuraszkoShawkerEtAl1994
NumPy Oliphantothers2009
Oliphant2006 Oliphantothers2006
Oliphant2006a Oliphantothers2006a
www:scipy OliphantPetersonJones
oseen1 Olshanskii1999
O-P-R-06 OlshanskiiPetersReusken2006
StokesInterface3 OlshanskiiPetersReusken2006a
olshanskii00convergence OlshanskiiReusken2000
SPrecond OlshanskiiVassilevski2007
MetteSOlufsen01011999 Olufsen1999
orzag71 Orzag1971
BENHAM96 PaigeSaunders1975
transient_dc PanditKalitaDalal2007
Pasciak-W-m PasciakWang2006
PelCoc1998 PelosiCoccioliSelleri1998
Pennacchio PennacchioSimoncini2002
p-s PerugiaSimoncini2000
PeskoffPostEtAl1992 PeskoffPostLanger1992
P-R-R-05 PetersReicheltReusken2005
F2PY Peterson2009
Pinna2000 PinnaAlessandriniAlfieriEtAl2000
Poz2005 Pozar2005
Prud'homme2006 Prudhomme2006
Prud'homme2006a Prudhomme2006a
PrudhommeNobileEtAl2004 PrudhommeNobileChamoinEtAl2004
PrudhommeOdenEtAl2001 PrudhommeOdenRomkesEtAl2001
PuschelMouraEtAl2005 PuschelMouraJohnsonEtAl2005
RudigerShuaiEtAl2007 RudigerShuaiHuisingaEtAl2007
Rannacher1992 RannacherTurek1992
kofman Ransau2002
RingLangtangenEtAl RingLangtangenBredesenEtAl
www:ascot Rognes2009
RognesKirbyEtAl2008 RognesKirbyLogg2009
Roldan2008 RoldanHaughtonWiebenEtAl2008
RoosStynesEtAl2008 RoosStynesTobiska2008
www:python Rossum
Rossum Rossumothers
Python Rossumothers2009
R-V-W-96 RustenVassilevskiWinther1996
R-W-93 RustenWinther1993
R-W-92 RustenWinther1992
pytrilinos SalaSpotzHeroux2008
SavcencoHundsdorferEtAl2005 SavcencoHundsdorferVerwer2005
Joachim Schoberl
schoberl2 Schoberl1999
netgen SchoberlGerstmayrGaisbauer
schievink Schievink1997
SchloegelKarypisEtAl1997 SchloegelKarypisKumar1997
SchloegelKarypisEtAl1998 SchloegelKarypisKumarEtAl1998
S-Z-07 SchoberlZulehner2007
SelimNarayananEtAl2010 SelimNarayananAEtAl2010
SiklosiJensenEtAl2008a SiklosiJensenTewEtAl2008
SiklosiJensenEtAl2008 SiklosiJensenTewEtAl2008a
S-W-94 SilvesterWathen1994
S-W-93 SilvesterWathen1993
simo94 SimoArmero1994
Swiginac SkavhaugCertik2009
S-B-G SmithGropp1996
SmithBjorstadEtAl1996 SmithBjorstadGropp1996
Smith2006 SmithChase2ShawEtAl2006
Smi1997 Smith1997
Staff.2006.1 StaffMardalNilssen2006
Stehbens Stehbens1975
stenberg:1984 Stenberg1984
SternSongEtAl1999 SternSongChengEtAl1999
Stoer Stoer1983
SC.4.Sundnes.2002 SundnesLinesMardalEtAl2002
Sundnes.2006.2 SundnesLinesCaiEtAl2006
SundnesLinesEtAl2006 SundnesLinesCaiEtAl2006a
Tai2006 TaiWinther2006
TanskanenGreensteinEtAl2007 TanskanenGreensteinChenEtAl2007
temam Temam1969
Tennekes1972 TennekesLumley1972
tref06 Trefethen2006
TrefethenBau TrefethenBau1997
TOS2001 TrottenbergOosterleeSchuller2001
turek Turek1996
bench Valen-SendstadLoggMardalEtAl2010
nsbench Valen-SendstadLoggMardalEtAl2009
VarDem2002 VardapetyanDemkowicz2002
V-W95 VassilevskiWang1995
V-W92 VassilevskiWang1992
versteeg2007icf VersteegMalalasekera2007
VignonClementel Vignon-ClementelFigueroaJansenEtAl2006
WalterKochEtAl2006 WalterKochothers2006
WangWuEtAl2008 WangWuChengEtAl2008
Wang-2006 Wang2005
WeiKirbyEtAl1999 WeiKirbySinha1999
weir Weir2002
wells:2001 WellsSluys2001
WeltyWicksEtAl2001 WeltyWicksWilson2001
Instant WestlieMardalAlnaes2009
WhaleyPetitetEtAl2001 WhaleyPetitetDongarra2001
white White1999
viscous White1991
wilcox WilbersLangtangenOdegaard2009
W-80 Winther1980
Xuaux Xu1996
YamamotoMeneghiniEtAl2004 YamamotoMeneghiniSaltaraEtAl2004
YoganathanChandranEtAl2005 YoganathanChandranSotiropoulos2005
ZeeBrummelenEtAl ZeeBrummelenBorst
ZeeBrummelenEtAl2008 ZeeBrummelenBorst2008
ZeeBrummelenEtAl2008 ZeeBrummelenBorst2006
ZhaoTengEtAl2004 ZhaoTengCheng2004
ZienkiewiczTaylorEtAl2005firstpublishedin1967 ZienkiewiczTaylorZhu2005firstpublishedin1967
AlgaardWellsEtAl2008 AlgaardWellsLogg2008
